<html>
<body>
<pre>
<h1>µVision Build Log</h1>
<h2>Tool Versions:</h2>
IDE-Version: µVision V5.38.0.0
Copyright (C) 2022 ARM Ltd and ARM Germany GmbH. All rights reserved.
License Information: LEVENT KESKÝN, kardes, LIC=----
 
Tool Versions:
Toolchain:       MDK-Lite  Version: 5.38.0.0
Toolchain Path:  C:\Keil_v5\ARM\ARMCLANG\Bin
C Compiler:      ArmClang.exe V6.19
Assembler:       Armasm.exe V6.19
Linker/Locator:  ArmLink.exe V6.19
Library Manager: ArmAr.exe V6.19
Hex Converter:   FromElf.exe V6.19
CPU DLL:         SARMCM3.DLL V5.38.0.0
Dialog DLL:      DCM.DLL V1.17.5.0
Target DLL:      STLink\ST-LINKIII-KEIL_SWO.dll V3.1.0.0
Dialog DLL:      TCM.DLL V1.56.4.0
 
<h2>Project:</h2>
D:\driver\new_uart\new_uart.uvprojx
Project File Date:  03/07/2024

<h2>Output:</h2>
*** Using Compiler 'V6.19', folder: 'C:\Keil_v5\ARM\ARMCLANG\Bin'
Rebuild target 'Target 1'
assembling startup_stm32f407xx.s...
i2c.c(1): warning: In file included from...
./sysclock.h(27): warning: no newline at end of file [-Wnewline-eof]
#endif
      ^
i2c.c(3): warning: In file included from...
./i2c.h(17): warning: no newline at end of file [-Wnewline-eof]
#endif
      ^
i2c.c(80): warning: implicit conversion loses integer precision: 'unsigned int' to 'uint8_t' (aka 'unsigned char') [-Wimplicit-int-conversion]
  uint8_t temp= I2C1->SR1|I2C1->SR2; //read SR1 and SR2 bit to temp     
          ~~~~  ~~~~~~~~~^~~~~~~~~~
i2c.c(78): warning: mixing declarations and code is incompatible with standards before C99 [-Wdeclaration-after-statement]
        uint32_t a=I2C1->CR1;
                 ^
i2c.c(79): warning: while loop has empty body [-Wempty-body]
        while(!(I2C1->SR1&(1U<<1)));
                                   ^
i2c.c(79): note: put the semicolon on a separate line to silence this warning
i2c.c(78): warning: unused variable 'a' [-Wunused-variable]
        uint32_t a=I2C1->CR1;
                 ^
i2c.c(80): warning: unused variable 'temp' [-Wunused-variable]
  uint8_t temp= I2C1->SR1|I2C1->SR2; //read SR1 and SR2 bit to temp     
          ^
i2c.c(132): warning: implicit conversion loses integer precision: 'unsigned int' to 'uint8_t' (aka 'unsigned char') [-Wimplicit-int-conversion]
                uint8_t temp=I2C1->SR1|I2C1->SR2;//clears ADDR bit
                        ~~~~ ~~~~~~~~~^~~~~~~~~~
i2c.c(137): warning: implicit conversion loses integer precision: 'volatile uint32_t' (aka 'volatile unsigned int') to 'uint8_t' (aka 'unsigned char') [-Wimplicit-int-conversion]
                buffer[size-remaining]=I2C1->DR;
                                      ~~~~~~~^~
i2c.c(132): warning: mixing declarations and code is incompatible with standards before C99 [-Wdeclaration-after-statement]
                uint8_t temp=I2C1->SR1|I2C1->SR2;//clears ADDR bit
                        ^
i2c.c(132): warning: unused variable 'temp' [-Wunused-variable]
i2c.c(145): warning: implicit conversion loses integer precision: 'unsigned int' to 'uint8_t' (aka 'unsigned char') [-Wimplicit-int-conversion]
          uint8_t temp=I2C1->SR1|I2C1->SR2;//clears ADDR bit
                  ~~~~ ~~~~~~~~~^~~~~~~~~~
i2c.c(152): warning: implicit conversion loses integer precision: 'volatile uint32_t' (aka 'volatile unsigned int') to 'uint8_t' (aka 'unsigned char') [-Wimplicit-int-conversion]
                         buffer[size-remaining]=I2C1->DR;//copy the data into buffer
                                               ~~~~~~~^~
i2c.c(160): warning: implicit conversion loses integer precision: 'volatile uint32_t' (aka 'volatile unsigned int') to 'uint8_t' (aka 'unsigned char') [-Wimplicit-int-conversion]
                buffer[size-remaining]=I2C1->DR;
                                      ~~~~~~~^~
i2c.c(170): warning: implicit conversion loses integer precision: 'volatile uint32_t' (aka 'volatile unsigned int') to 'uint8_t' (aka 'unsigned char') [-Wimplicit-int-conversion]
                buffer[size-remaining]=I2C1->DR;
                                      ~~~~~~~^~
i2c.c(145): warning: mixing declarations and code is incompatible with standards before C99 [-Wdeclaration-after-statement]
          uint8_t temp=I2C1->SR1|I2C1->SR2;//clears ADDR bit
                  ^
i2c.c(143): warning: while loop has empty body [-Wempty-body]
                while(!(I2C1->SR1&(1<<1))); //wait untill first bit in SR1 ADDR is set
                                          ^
i2c.c(143): note: put the semicolon on a separate line to silence this warning
i2c.c(145): warning: unused variable 'temp' [-Wunused-variable]
          uint8_t temp=I2C1->SR1|I2C1->SR2;//clears ADDR bit
                  ^
i2c.c(189): warning: passing 'const uint8_t *' (aka 'const unsigned char *') to parameter of type 'uint8_t *' (aka 'unsigned char *') discards qualifiers [-Wincompatible-pointer-types-discards-qualifiers]
         WriteMulti(write_buffer, write_size);
                    ^~~~~~~~~~~~
i2c.c(87): note: passing argument to parameter 'data' here
void WriteMulti(uint8_t* data, uint8_t size)
                         ^
i2c.c(189): warning: implicit conversion loses integer precision: 'size_t' (aka 'unsigned int') to 'uint8_t' (aka 'unsigned char') [-Wimplicit-int-conversion]
         WriteMulti(write_buffer, write_size);
         ~~~~~~~~~~               ^~~~~~~~~~
i2c.c(199): warning: implicit conversion loses integer precision: 'size_t' (aka 'unsigned int') to 'uint8_t' (aka 'unsigned char') [-Wimplicit-int-conversion]
         I2C_Read(device_address,buffer,write_size);     
         ~~~~~~~~                       ^~~~~~~~~~
21 warnings generated.
compiling i2c.c...
adc.c(1): warning: In file included from...
./adc.h(4): warning: In file included from...
./sysclock.h(27): warning: no newline at end of file [-Wnewline-eof]
#endif
      ^
adc.c(1): warning: In file included from...
./adc.h(16): warning: no newline at end of file [-Wnewline-eof]
#endif
      ^
adc.c(41): warning: mixing declarations and code is incompatible with standards before C99 [-Wdeclaration-after-statement]
uint32_t delayy=10000;
         ^
adc.c(69): warning: implicit conversion loses integer precision: 'volatile uint32_t' (aka 'volatile unsigned int') to 'uint16_t' (aka 'unsigned short') [-Wimplicit-int-conversion]
return ADC1->DR;
~~~~~~ ~~~~~~^~
4 warnings generated.
compiling adc.c...
compiling system_stm32f4xx.c...
sysclock.c(3): warning: In file included from...
./sysclock.h(27): warning: no newline at end of file [-Wnewline-eof]
#endif
      ^
sysclock.c(108): warning: variable 'a' set but not used [-Wunused-but-set-variable]
                uint16_t a;
                         ^
sysclock.c(109): warning: variable 'a' is uninitialized when used here [-Wuninitialized]
                a++;
                ^
sysclock.c(108): note: initialize the variable 'a' to silence this warning
                uint16_t a;
                          ^
                           = 0
3 warnings generated.
compiling sysclock.c...
main.c(3): warning: In file included from...
./sysclock.h(27): warning: no newline at end of file [-Wnewline-eof]
#endif
      ^
main.c(5): warning: In file included from...
./i2c.h(17): warning: no newline at end of file [-Wnewline-eof]
#endif
      ^
main.c(6): warning: In file included from...
./adc.h(16): warning: no newline at end of file [-Wnewline-eof]
#endif
      ^
main.c(58): warning: no newline at end of file [-Wnewline-eof]
}
 ^
4 warnings generated.
compiling main.c...
delay.c(3): warning: In file included from...
./sysclock.h(27): warning: no newline at end of file [-Wnewline-eof]
#endif
      ^
delay.c(6): warning: a function declaration without a prototype is deprecated in all versions of C [-Wstrict-prototypes]
void TimConfig(){
              ^
               void
delay.c(42): warning: no newline at end of file [-Wnewline-eof]
}
 ^
3 warnings generated.
compiling delay.c...
uart.c(59): warning: implicit conversion loses integer precision: 'volatile uint32_t' (aka 'volatile unsigned int') to 'uint8_t' (aka 'unsigned char') [-Wimplicit-int-conversion]
                temp=USART3->DR; //this clears rxne also
                    ~~~~~~~~~^~
uart.c(64): warning: no newline at end of file [-Wnewline-eof]
}
 ^
2 warnings generated.
compiling uart.c...
lcd.c(1): warning: In file included from...
./lcd.h(1): warning: In file included from...
./sysclock.h(27): warning: no newline at end of file [-Wnewline-eof]
#endif
      ^
lcd.c(1): warning: In file included from...
./lcd.h(3): warning: In file included from...
./i2c.h(17): warning: no newline at end of file [-Wnewline-eof]
#endif
      ^
lcd.c(44): warning: a function declaration without a prototype is deprecated in all versions of C [-Wstrict-prototypes]
void lcd_init()
             ^
              void
lcd.c(82): warning: implicit conversion loses integer precision: 'int' to 'char' [-Wimplicit-int-conversion]
    lcd_send_cmd (col);
    ~~~~~~~~~~~~  ^~~
4 warnings generated.
compiling lcd.c...
linking...
Program Size: Code=2380 RO-data=464 RW-data=4 ZI-data=1632  
FromELF: creating hex file...
".\Objects\new_uart.axf" - 0 Error(s), 41 Warning(s).

<h2>Software Packages used:</h2>

Package Vendor: ARM
                http://www.keil.com/pack/ARM.CMSIS.5.9.0.pack
                ARM.CMSIS.5.9.0
                CMSIS (Common Microcontroller Software Interface Standard)
   * Component: CORE Version: 5.6.0

Package Vendor: Keil
                https://www.keil.com/pack/Keil.STM32F4xx_DFP.2.17.1.pack
                Keil.STM32F4xx_DFP.2.17.1
                STMicroelectronics STM32F4 Series Device Support, Drivers and Examples
   * Component: Startup Version: 2.6.3

<h2>Collection of Component include folders:</h2>
  ./RTE/_Target_1
  C:/Users/Levent-PC/AppData/Local/Arm/Packs/ARM/CMSIS/5.9.0/CMSIS/Core/Include
  C:/Users/Levent-PC/AppData/Local/Arm/Packs/Keil/STM32F4xx_DFP/2.17.1/Drivers/CMSIS/Device/ST/STM32F4xx/Include

<h2>Collection of Component Files used:</h2>

   * Component: ARM::CMSIS:CORE:5.6.0

   * Component: Keil::Device:Startup:2.6.3
      Source file:   Drivers/CMSIS/Device/ST/STM32F4xx/Source/Templates/arm/startup_stm32f407xx.s
      Include file:  Drivers/CMSIS/Device/ST/STM32F4xx/Include/stm32f4xx.h
      Source file:   MDK/Device/Source/ARM/STM32F40xxx_41xxx_OPT.s
      Source file:   MDK/Device/Source/ARM/STM32F4xx_OTP.s
      Source file:   Drivers/CMSIS/Device/ST/STM32F4xx/Source/Templates/system_stm32f4xx.c
Build Time Elapsed:  00:00:01
</pre>
</body>
</html>
